// Jest Snapshot v1, https://goo.gl/fbAQLP

exports[`Signin authenticate is true  1`] = `null`;

exports[`Signin renders properly 1`] = `
<nav
  class="navbar navbar-expand-lg navbar-dark bg-dark fixed-top"
  style="z-index: 2;"
>
  <div
    class="container-fluid"
  >
    <a
      class="navbar-brand"
      href="/"
    >
      Wallet Banking
    </a>
  </div>
  <button
    aria-controls="responsive-navbar-nav"
    aria-label="Toggle navigation"
    class="navbar-toggler collapsed"
    type="button"
  >
    <span
      class="navbar-toggler-icon"
    />
  </button>
  <div
    class="navbar-collapse collapse"
    id="responsive-navbar-nav"
  >
    <div
      class="navbar-nav"
    >
      <li
        class="nav-item"
      >
        <a
          class="nav-link"
          href="/signin"
        >
          Signin
        </a>
      </li>
      <li
        class="nav-item"
      >
        <a
          class="nav-link"
          href="/signup"
        >
          Signup
        </a>
      </li>
    </div>
  </div>
</nav>
`;
